---
layout: single
title: "AWS에 EBS 볼륨 추가 후 작업(마운트)"
date: 2021-05-22
categories: [aws]
tags: [aws]
---

EBS볼륨을 추가하면 마운트 작업을 해야만 사용할 수 있다. `df -h` 표시하면 콘솔에서 추가한 EBS 볼륨이 보이지 않는다.

```bash
[ec2-user@ip-서버IP ~]$ df -h
Filesystem      Size  Used Avail Use% Mounted on
devtmpfs        2.0G     0  2.0G   0% /dev
tmpfs           2.0G     0  2.0G   0% /dev/shm
tmpfs           2.0G  500K  2.0G   1% /run
tmpfs           2.0G     0  2.0G   0% /sys/fs/cgroup
/dev/xvda1      8.0G  1.5G  6.6G  18% /
tmpfs           395M     0  395M   0% /run/user/1000
tmpfs           395M     0  395M   0% /run/user/0
```

`lsblk` 명령어로 확인하면 연결된 볼륨이 표시된다(xvdb). 아직 연결된 볼륨이 아니다.

```bash
[ec2-user@ip-서버IP ~]$ lsblk
NAME    MAJ:MIN RM SIZE RO TYPE MOUNTPOINT
xvda    202:0    0   8G  0 disk
└─xvda1 202:1    0   8G  0 part /
xvdb    202:16   0  50G  0 disk
```

볼륨에서 파일 시스템을 생성한다. 만약 데이터가 있는 볼륨이라면 해서는 안된다(포멧이 된다)

```bash
[ec2-user@ip-서버IP ~]$ sudo mkfs -t xfs /dev/xvdb
meta-data=/dev/xvdb              isize=512    agcount=4, agsize=3276800 blks
         =                       sectsz=512   attr=2, projid32bit=1
         =                       crc=1        finobt=1, sparse=0
data     =                       bsize=4096   blocks=13107200, imaxpct=25
         =                       sunit=0      swidth=0 blks
naming   =version 2              bsize=4096   ascii-ci=0 ftype=1
log      =internal log           bsize=4096   blocks=6400, version=2
         =                       sectsz=512   sunit=0 blks, lazy-count=1
realtime =none                   extsz=4096   blocks=0, rtextents=0

```

`/data` 라는 디렉토리를 생성하고 해당 디렉토리로 마운트 한다.

```bash
sudo mkdir /data
sudo mount /dev/xvdb /data
```

다시 `df -h`로 마운트가 되었는지 확인한다.

```bash
[ec2-user@ip-서버IP ~]$ df -h
Filesystem      Size  Used Avail Use% Mounted on
devtmpfs        2.0G     0  2.0G   0% /dev
tmpfs           2.0G     0  2.0G   0% /dev/shm
tmpfs           2.0G  500K  2.0G   1% /run
tmpfs           2.0G     0  2.0G   0% /sys/fs/cgroup
/dev/xvda1      8.0G  1.5G  6.6G  18% /
tmpfs           395M     0  395M   0% /run/user/1000
tmpfs           395M     0  395M   0% /run/user/0
/dev/xvdb        50G   84M   50G   1% /data
```

추가된 EBS볼륨이 마운트 된 것을 확인할 수 있다.
